eeschema (2011-04-29 BZR 2986)-stable  >> Creation date: 5/9/2012 9:20:46 PM

#Cmp ( order = Reference )
| AFF1       7SEGMENTS   
| AFF2       7SEGMENTS   
| C1         27pF        
| C2         27pF        
| C3         C           
| C4         220uF-25v   
| D1         1N4001      
| D2         DIODE       
| D3         1n4148      
| D4         1n4148      
| F1         FUSE-1A     
| J1         JACK_2P     
| K1         RELAY_5PIN  
| K2         RELAY_5PIN  
| K3         CONN_3      
| K4         CONN_3      
| P1         CONN_2      
| R1         330R        
| R2         330R        
| R3         220R-0.25w  
| R4         220R-0.25w  
| R5         220R-0.25w  
| R6         220R-0.25w  
| R7         220R-0.25w  
| R8         220R-0.25w  
| R9         220R-0.25w  
| R10        220R-0.25w  
| R11        220R-0.25w  
| R12        220R-0.25w  
| R13        220R-0.25w  
| R14        220R-0.25w  
| R15        220R-0.25w  
| R16        220R-0.25w  
| R17        180R        
| R18        180R        
| R19        10k-0.25w   
| R20        10k-0.25w   
| RV1        POT-10k     
| RV2        POT-10k     
| SW1        SWITCH_6PIN 
| SW2        SW_PUSH     
| SW3        SWITCH_6PIN 
| SW4        SWITCH_6PIN 
| U1         7805        
| U2         PIC16F877A  
| U3         EL817       
| U4         EL817       
| X1         4MHz        
#End Cmp

#End List
