eeschema (2011-04-29 BZR 2986)-stable  >> Creation date: 5/16/2015 7:16:22 PM

#Cmp ( order = Reference )
| BT1        BATTERY 3V  
| C1         220uF-25v   
| C2         22p         
| C3         22p         
| C4         .1uF        
| C5         2200u/25v   
| C6         10000u/25v  
| C7         334         
| C8         104         
| C9         334         
| C10        104         
| D1         1N4001      
| D2         GREEN LED   
| F1         FUSE-1A     
| J1         JACK_I/P SUPPLAY12V
| P1         CONN_2      
| P2         CONN_4      
| P3         DS1307      
| P4         sil_20      
| P5         CONN_2      
| P6         ROZETA 8PIN 
| P7         IC_16_PIN   
| P8         CONN_2      
| P9         CONN_10     
| P10        IC_16_PIN   
| P11        CONN_1      
| P12        CONN_1      
| P13        CONN_1      
| P14        CONN_1      
| P15        CONN_1      
| P16        CONN_1      
| P17        CONN_1      
| P18        CONN_1      
| P55        CONN_1      
| Q1         2N2222      
| Q2         2N2222      
| Q3         2N2222      
| Q4         2N2222      
| Q5         2N2222      
| Q6         2N2222      
| Q7         2N2222      
| Q8         2N2222      
| Q9         2N2222      
| R1         330R-0.25w  
| R2         10K-0.25W   
| R3         10K-0.25W   
| R4         10K-0.25W   
| R5         10K-0.25W   
| R6         10K-0.25W   
| R7         10K-0.25W   
| R8         10k-0.25w   
| R9         10k-0.25w   
| R10        180R        
| R11        1K          
| R12        10K         
| R13        180R        
| R14        1K          
| R15        10k         
| R16        180R        
| R17        1K          
| R18        10k         
| R19        180R        
| R20        1K          
| R21        10k         
| R22        180R        
| R23        1K          
| R24        10k         
| R25        180R        
| R26        1K          
| R27        R           
| R28        R           
| R29        1K          
| R30        10k         
| R31        180R        
| R32        1K          
| R33        10k         
| R34        180R        
| R35        1K          
| R36        10k         
| R37        20R/2w      
| R38        R           
| R39        R           
| R40        R           
| RV1        10K         
| RV2        10K         
| SW1        SWITCH_6PIN 
| SW2        SW_PUSH     
| U1         7805        
| U2         PIC16F877A  
| U3         EL817       
| U4         EL817       
| U5         EL817       
| U6         EL817       
| U7         EL817       
| U8         EL817       
| U9         EL817       
| U10        EL817       
| U11        EL817       
| U12        7805        
| X1         20MHz       
| X2         32.768KHz   
#End Cmp

#Cmp ( order = Value )
| .1uF         C4        
| 10000u/25v   C6        
| 104          C8        
| 104          C10       
| 10K          R12       
| 10k          R15       
| 10k          R18       
| 10k          R21       
| 10k          R24       
| 10k          R30       
| 10k          R33       
| 10k          R36       
| 10K          RV1       
| 10K          RV2       
| 10K-0.25W    R2        
| 10K-0.25W    R3        
| 10K-0.25W    R4        
| 10K-0.25W    R5        
| 10K-0.25W    R6        
| 10K-0.25W    R7        
| 10k-0.25w    R8        
| 10k-0.25w    R9        
| 180R         R10       
| 180R         R13       
| 180R         R16       
| 180R         R19       
| 180R         R22       
| 180R         R25       
| 180R         R31       
| 180R         R34       
| 1K           R11       
| 1K           R14       
| 1K           R17       
| 1K           R20       
| 1K           R23       
| 1K           R26       
| 1K           R29       
| 1K           R32       
| 1K           R35       
| 1N4001       D1        
| 20MHz        X1        
| 20R/2w       R37       
| 2200u/25v    C5        
| 220uF-25v    C1        
| 22p          C2        
| 22p          C3        
| 2N2222       Q1        
| 2N2222       Q2        
| 2N2222       Q3        
| 2N2222       Q4        
| 2N2222       Q5        
| 2N2222       Q6        
| 2N2222       Q7        
| 2N2222       Q8        
| 2N2222       Q9        
| 32.768KHz    X2        
| 330R-0.25w   R1        
| 334          C7        
| 334          C9        
| 7805         U1        
| 7805         U12       
| BATTERY 3V   BT1       
| CONN_1       P11       
| CONN_1       P12       
| CONN_1       P13       
| CONN_1       P14       
| CONN_1       P15       
| CONN_1       P16       
| CONN_1       P17       
| CONN_1       P18       
| CONN_1       P55       
| CONN_10      P9        
| CONN_2       P1        
| CONN_2       P5        
| CONN_2       P8        
| CONN_4       P2        
| DS1307       P3        
| EL817        U3        
| EL817        U4        
| EL817        U5        
| EL817        U6        
| EL817        U7        
| EL817        U8        
| EL817        U9        
| EL817        U10       
| EL817        U11       
| FUSE-1A      F1        
| GREEN LED    D2        
| IC_16_PIN    P7        
| IC_16_PIN    P10       
| JACK_I/P SUPPLAY12V J1        
| PIC16F877A   U2        
| R            R27       
| R            R28       
| R            R38       
| R            R39       
| R            R40       
| ROZETA 8PIN  P6        
| sil_20       P4        
| SW_PUSH      SW2       
| SWITCH_6PIN  SW1       
#End Cmp

#End List
