eeschema (2011-04-29 BZR 2986)-stable  >> Creation date: 3/25/2013 9:16:48 PM

#Cmp ( order = Reference )
| C1         22P         
| C2         22P         
| D1         DIODE       
| D2         DIODE       
| D3         DIODE       
| D4         DIODE       
| D5         DIODE       
| D6         DIODE       
| D7         DIODE       
| D8         DIODE       
| D9         DIODE       
| D10        DIODE       
| D11        DIODE       
| D12        DIODE       
| D13        DIODE       
| D14        DIODE       
| D15        DIODE       
| D16        DIODE       
| D17        LED         
| D18        LED         
| D19        LED         
| D20        LED         
| D21        LED         
| D22        LED         
| D23        LED         
| D24        LED         
| D25        r           
| D26        g           
| D27        y           
| D28        r           
| D29        g           
| D30        y           
| D31        r           
| D32        g           
| D33        y           
| D34        DIODE       
| D35        DIODE       
| D36        DIODE       
| D37        DIODE       
| D38        DIODE       
| D39        DIODE       
| D40        DIODE       
| D41        DIODE       
| D42        DIODE       
| D43        DIODE       
| D44        DIODE       
| D45        DIODE       
| D46        DIODE       
| D47        DIODE       
| D48        DIODE       
| D49        DIODE       
| D50        DIODE       
| D51        DIODE       
| D52        DIODE       
| D53        DIODE       
| D54        DIODE       
| D55        DIODE       
| D56        DIODE       
| K1         RELAY_5PIN  
| K2         CONN_3      
| K3         CONN_3      
| K4         CONN_3      
| K5         PRESS       
| K6         PRESS       
| K7         PRESS       
| K8         PRESS       
| K9         PRESS       
| K10        PRESS       
| K11        CONN_3      
| P1         CONN_2      
| P2         CONN_10X2   
| P3         CONN_2      
| P4         CONN_2      
| P5         CONN_2      
| P6         CONN_2      
| P7         CONN_2      
| P8         CONN_2      
| P9         CONN_1      
| P10        MOC3021     
| P11        MOC3021     
| P12        MOC3021     
| P13        MOC3021     
| P14        CONN_10X2   
| P15        CONN_10X2   
| P16        MOC3021     
| P17        MOC3021     
| P18        MOC3021     
| P19        MOC3021     
| P20        MOC3021     
| P21        CONN_2      
| P22        CONN_2      
| P23        DIL14       
| P24        DIL20       
| P25        DIL20       
| P26        CONN_2      
| P27        DIL20       
| P28        CONN_2      
| P29        SUPP40      
| P30        DIL20       
| P31        DIL20       
| P32        CONN_2      
| Q1         2N2222      
| R1         220R        
| R2         220R        
| R3         220R        
| R4         220R        
| R5         220R        
| R6         220R        
| R7         500R        
| R8         47R         
| R9         500R        
| R10        47R         
| R11        500R        
| R12        47R         
| R13        500R        
| R14        47R         
| R15        500R        
| R16        47R         
| R17        500R        
| R18        47R         
| R19        500R        
| R20        47R         
| R21        500R        
| R22        47R         
| R23        500R        
| R24        47R         
| R25        500R        
| R26        500R        
| R27        500R        
| R28        500R        
| R29        500R        
| R30        500R        
| R31        500R        
| R32        500R        
| R33        1K          
| R34        1K          
| R35        1K          
| R36        1K          
| R37        1K          
| R38        1K          
| R39        500R        
| R40        500R        
| R41        220R        
| R42        220R        
| R43        220R        
| R44        220R        
| R45        220R        
| R46        220R        
| R47        220R        
| R48        220R        
| R49        220R        
| R50        220R        
| R51        220R        
| R52        220R        
| R53        220R        
| R54        220R        
| R55        220R        
| R56        220R        
| R57        220R        
| R58        500R        
| R59        220R        
| R60        220R        
| R61        220R        
| R62        220R        
| U1         7805        
| U2         BTA16       
| U3         BTA16       
| U4         BTA16       
| U5         BTA16       
| U6         BTA16       
| U7         BTA16       
| U8         BTA16       
| U9         BTA16       
| U10        BTA16       
| U11        7805        
| U12        7805        
| X1         20MHZ       
#End Cmp

#End List
