eeschema (2011-04-29 BZR 2986)-stable  >> Creation date: 04/05/2015 13:37:15

#Cmp ( order = Value )
| 104Pf-300V   C1        
| 104Pf-300V   C2        
| 104Pf-300V   C3        
| 104Pf-300V   C4        
| 104Pf-300V   C5        
| 104Pf-300V   C6        
| 104Pf-300V   C7        
| 104Pf-300V   C8        
| 104Pf-300V   C9        
| 1KR-2W       R1        
| 1KR-2W       R2        
| 1KR-2W       R3        
| 1KR-2W       R4        
| 1KR-2W       R5        
| 1KR-2W       R6        
| 1KR-2W       R7        
| 1KR-2W       R8        
| 1KR-2W       R9        
| 47R          R21       
| 47R          R24       
| 47R          R26       
| 47R          R28       
| 47R          R30       
| 47R          R32       
| 47R          R34       
| 47R          R36       
| 47R          R38       
| 500R         R20       
| 500R         R23       
| 500R         R25       
| 500R         R27       
| 500R         R29       
| 500R         R31       
| 500R         R33       
| 500R         R35       
| 500R         R37       
| BRIDGE       D1        
| BRIDGE       D2        
| BRIDGE       D3        
| BRIDGE       D7        
| BRIDGE       D8        
| BRIDGE       D9        
| BRIDGE       D13       
| BRIDGE       D14       
| BRIDGE       D15       
| BTA41        U3        
| BTA41        U4        
| BTA41        U5        
| BTA41        U6        
| BTA41        U7        
| BTA41        U8        
| BTA41        U9        
| BTA41        U10       
| BTA41        U11       
| CONN_4       P12       
| CONN_4       P33       
| CONN_4       P34       
| CONN_4       P35       
| FlatCable    P1        
| FlatCable    P3        
| flatcable    P4        
| FlatCable    P18       
| FUSE         F1        
| FUSE         F2        
| FUSE         F3        
| KeyPad       P2        
| LCD_4X16_ETC LCD1      
| LED          D4        
| LED          D5        
| LED          D6        
| LED          D10       
| LED          D11       
| LED          D12       
| LED          D16       
| LED          D17       
| LED          D18       
| Manual/Auto  SW1       
| MOC3021      P14       
| MOC3021      P15       
| MOC3021      P16       
| MOC3021      P17       
| MOC3021      P20       
| MOC3021      P21       
| MOC3021      P23       
| MOC3021      P24       
| MOC3021      P25       
#End Cmp

#End List
